=== Nginx Log Analysis Results ===
Time: 2025-02-20 23:01:06
User: dax-side

Analysis Results:
[2026-06-17T06:52:04.719Z] No new errors found in nginx logs.
Monitored URL: http://16.171.62.147

=== End of Report ===
Test results have been saved to: /home/runner/work/Smart-Log-Error-Tracker/Smart-Log-Error-Tracker/test/test-results.txt
